{
  "cat": {
    "name": "ribbon",
    "age": 14
  },
  "version": 1
}